// Jest Snapshot v1, https://goo.gl/fbAQLP

exports[`Header.vue should render correct contents 1`] = `
VueWrapper {
  "_emitted": Object {},
  "_emittedByOrder": Array [],
  "isFunctionalComponent": undefined,
}
`;
